// Jest Snapshot v1, https://goo.gl/fbAQLP

exports[`Test for rendering the Header component It should render header  1`] = `
<header
  className="container"
>
  <h1>
    Math Magicians
  </h1>
  <nav>
    <ul
      className="menu"
    >
      <li>
        <a
          href="#/"
          onClick={[Function]}
        >
          Home
        </a>
      </li>
      <li>
        <a
          href="#/calculator"
          onClick={[Function]}
        >
          Calculator
        </a>
      </li>
      <li>
        <a
          href="#/quote"
          onClick={[Function]}
        >
          Quote
        </a>
      </li>
    </ul>
  </nav>
</header>
`;
